C51 COMPILER V9.51   UCOS_II                                                               02/25/2015 10:39:24 PAGE 1   


C51 COMPILER V9.51, COMPILATION OF MODULE UCOS_II
OBJECT MODULE PLACED IN .\Output\ucos_ii.obj
COMPILER INVOKED BY: D:\Keil\C51\BIN\C51.EXE Source\ucos_ii.c BROWSE INCDIR(.\Source) DEBUG OBJECTEXTEND PRINT(.\List\uc
                    -os_ii.lst) TABS(2) OBJECT(.\Output\ucos_ii.obj)

line level    source

   1          /*
   2          *********************************************************************************************************
   3          *                                                uC/OS-II
   4          *                                          The Real-Time Kernel
   5          *
   6          *                              (c) Copyright 1992-2009, Micrium, Weston, FL
   7          *                                           All Rights Reserved
   8          *
   9          * File    : uCOS_II.C
  10          * By      : Jean J. Labrosse
  11          * Version : V2.91
  12          *
  13          * LICENSING TERMS:
  14          * ---------------
  15          *   uC/OS-II is provided in source form for FREE evaluation, for educational use or for peaceful research.
             -  
  16          * If you plan on using  uC/OS-II  in a commercial product you need to contact Micriµm to properly license 
  17          * its use in your product. We provide ALL the source code for your convenience and to help you experience 
  18          * uC/OS-II.   The fact that the  source is provided does  NOT  mean that you can use it without  paying a 
  19          * licensing fee.
  20          *********************************************************************************************************
  21          */
  22          
  23          #define  OS_GLOBALS                           /* Declare GLOBAL variables                              */
  24          #include <ucos_ii.h>
*** WARNING C318 IN LINE 44 OF .\Source\ucos_ii.h: can't open file 'app_cfg.h'
*** WARNING C318 IN LINE 45 OF .\Source\ucos_ii.h: can't open file 'os_cfg.h'
*** WARNING C322 IN LINE 72 OF .\Source\ucos_ii.h: unknown identifier
*** WARNING C322 IN LINE 81 OF .\Source\ucos_ii.h: unknown identifier
*** WARNING C322 IN LINE 170 OF .\Source\ucos_ii.h: unknown identifier
*** WARNING C322 IN LINE 345 OF .\Source\ucos_ii.h: unknown identifier
*** WARNING C322 IN LINE 351 OF .\Source\ucos_ii.h: unknown identifier
*** WARNING C322 IN LINE 351 OF .\Source\ucos_ii.h: unknown identifier
*** WARNING C322 IN LINE 351 OF .\Source\ucos_ii.h: unknown identifier
*** WARNING C322 IN LINE 351 OF .\Source\ucos_ii.h: unknown identifier
*** WARNING C322 IN LINE 351 OF .\Source\ucos_ii.h: unknown identifier
*** WARNING C322 IN LINE 351 OF .\Source\ucos_ii.h: unknown identifier
*** WARNING C322 IN LINE 372 OF .\Source\ucos_ii.h: unknown identifier
*** WARNING C322 IN LINE 372 OF .\Source\ucos_ii.h: unknown identifier
*** WARNING C322 IN LINE 419 OF .\Source\ucos_ii.h: unknown identifier
*** WARNING C322 IN LINE 433 OF .\Source\ucos_ii.h: unknown identifier
*** WARNING C322 IN LINE 433 OF .\Source\ucos_ii.h: unknown identifier
*** WARNING C322 IN LINE 463 OF .\Source\ucos_ii.h: unknown identifier
*** WARNING C322 IN LINE 479 OF .\Source\ucos_ii.h: unknown identifier
*** WARNING C322 IN LINE 506 OF .\Source\ucos_ii.h: unknown identifier
*** WARNING C322 IN LINE 520 OF .\Source\ucos_ii.h: unknown identifier
*** WARNING C322 IN LINE 537 OF .\Source\ucos_ii.h: unknown identifier
*** WARNING C322 IN LINE 548 OF .\Source\ucos_ii.h: unknown identifier
*** WARNING C322 IN LINE 548 OF .\Source\ucos_ii.h: unknown identifier
*** WARNING C322 IN LINE 548 OF .\Source\ucos_ii.h: unknown identifier
*** WARNING C322 IN LINE 548 OF .\Source\ucos_ii.h: unknown identifier
*** WARNING C322 IN LINE 548 OF .\Source\ucos_ii.h: unknown identifier
*** WARNING C322 IN LINE 552 OF .\Source\ucos_ii.h: unknown identifier
*** WARNING C322 IN LINE 552 OF .\Source\ucos_ii.h: unknown identifier
C51 COMPILER V9.51   UCOS_II                                                               02/25/2015 10:39:24 PAGE 2   

*** WARNING C322 IN LINE 552 OF .\Source\ucos_ii.h: unknown identifier
*** WARNING C322 IN LINE 552 OF .\Source\ucos_ii.h: unknown identifier
*** WARNING C322 IN LINE 552 OF .\Source\ucos_ii.h: unknown identifier
*** WARNING C322 IN LINE 552 OF .\Source\ucos_ii.h: unknown identifier
*** WARNING C322 IN LINE 556 OF .\Source\ucos_ii.h: unknown identifier
*** WARNING C322 IN LINE 556 OF .\Source\ucos_ii.h: unknown identifier
*** WARNING C322 IN LINE 556 OF .\Source\ucos_ii.h: unknown identifier
*** WARNING C322 IN LINE 560 OF .\Source\ucos_ii.h: unknown identifier
*** WARNING C322 IN LINE 560 OF .\Source\ucos_ii.h: unknown identifier
*** WARNING C322 IN LINE 577 OF .\Source\ucos_ii.h: unknown identifier
*** WARNING C322 IN LINE 581 OF .\Source\ucos_ii.h: unknown identifier
*** WARNING C322 IN LINE 589 OF .\Source\ucos_ii.h: unknown identifier
*** WARNING C322 IN LINE 593 OF .\Source\ucos_ii.h: unknown identifier
*** WARNING C322 IN LINE 605 OF .\Source\ucos_ii.h: unknown identifier
*** WARNING C322 IN LINE 646 OF .\Source\ucos_ii.h: unknown identifier
*** WARNING C322 IN LINE 646 OF .\Source\ucos_ii.h: unknown identifier
*** WARNING C322 IN LINE 646 OF .\Source\ucos_ii.h: unknown identifier
*** WARNING C322 IN LINE 646 OF .\Source\ucos_ii.h: unknown identifier
*** WARNING C322 IN LINE 646 OF .\Source\ucos_ii.h: unknown identifier
*** WARNING C322 IN LINE 646 OF .\Source\ucos_ii.h: unknown identifier
*** WARNING C322 IN LINE 651 OF .\Source\ucos_ii.h: unknown identifier
*** WARNING C322 IN LINE 651 OF .\Source\ucos_ii.h: unknown identifier
*** WARNING C322 IN LINE 656 OF .\Source\ucos_ii.h: unknown identifier
*** ERROR C202 IN LINE 672 OF .\Source\ucos_ii.h: 'OS_LOWEST_PRIO': undefined identifier
*** ERROR C136 IN LINE 672 OF .\Source\ucos_ii.h: invalid dimension size: [0]
*** ERROR C202 IN LINE 684 OF .\Source\ucos_ii.h: 'OS_TASK_IDLE_STK_SIZE': undefined identifier
*** ERROR C136 IN LINE 684 OF .\Source\ucos_ii.h: invalid dimension size: [0]
*** ERROR C202 IN LINE 691 OF .\Source\ucos_ii.h: 'OS_LOWEST_PRIO': undefined identifier
*** ERROR C136 IN LINE 691 OF .\Source\ucos_ii.h: invalid dimension size: [0]
*** ERROR C202 IN LINE 692 OF .\Source\ucos_ii.h: 'OS_MAX_TASKS': undefined identifier
*** ERROR C136 IN LINE 692 OF .\Source\ucos_ii.h: invalid dimension size: [0]
*** WARNING C322 IN LINE 694 OF .\Source\ucos_ii.h: unknown identifier
*** WARNING C322 IN LINE 698 OF .\Source\ucos_ii.h: unknown identifier
*** WARNING C322 IN LINE 698 OF .\Source\ucos_ii.h: unknown identifier
*** WARNING C322 IN LINE 703 OF .\Source\ucos_ii.h: unknown identifier
*** WARNING C322 IN LINE 703 OF .\Source\ucos_ii.h: unknown identifier
*** WARNING C322 IN LINE 708 OF .\Source\ucos_ii.h: unknown identifier
*** WARNING C322 IN LINE 712 OF .\Source\ucos_ii.h: unknown identifier
*** WARNING C322 IN LINE 743 OF .\Source\ucos_ii.h: unknown identifier
*** WARNING C322 IN LINE 743 OF .\Source\ucos_ii.h: unknown identifier
*** WARNING C322 IN LINE 743 OF .\Source\ucos_ii.h: unknown identifier
*** WARNING C322 IN LINE 743 OF .\Source\ucos_ii.h: unknown identifier
*** WARNING C322 IN LINE 743 OF .\Source\ucos_ii.h: unknown identifier
*** WARNING C322 IN LINE 771 OF .\Source\ucos_ii.h: unknown identifier
*** WARNING C322 IN LINE 771 OF .\Source\ucos_ii.h: unknown identifier
*** WARNING C322 IN LINE 823 OF .\Source\ucos_ii.h: unknown identifier
*** WARNING C322 IN LINE 870 OF .\Source\ucos_ii.h: unknown identifier
*** WARNING C322 IN LINE 870 OF .\Source\ucos_ii.h: unknown identifier
*** WARNING C322 IN LINE 904 OF .\Source\ucos_ii.h: unknown identifier
*** WARNING C322 IN LINE 940 OF .\Source\ucos_ii.h: unknown identifier
*** WARNING C322 IN LINE 940 OF .\Source\ucos_ii.h: unknown identifier
*** WARNING C322 IN LINE 999 OF .\Source\ucos_ii.h: unknown identifier
*** WARNING C322 IN LINE 1044 OF .\Source\ucos_ii.h: unknown identifier
*** WARNING C322 IN LINE 1049 OF .\Source\ucos_ii.h: unknown identifier
*** WARNING C322 IN LINE 1056 OF .\Source\ucos_ii.h: unknown identifier
*** WARNING C322 IN LINE 1068 OF .\Source\ucos_ii.h: unknown identifier
*** WARNING C322 IN LINE 1073 OF .\Source\ucos_ii.h: unknown identifier
*** WARNING C322 IN LINE 1083 OF .\Source\ucos_ii.h: unknown identifier
*** WARNING C322 IN LINE 1088 OF .\Source\ucos_ii.h: unknown identifier
*** WARNING C322 IN LINE 1088 OF .\Source\ucos_ii.h: unknown identifier
*** WARNING C322 IN LINE 1093 OF .\Source\ucos_ii.h: unknown identifier
*** WARNING C322 IN LINE 1100 OF .\Source\ucos_ii.h: unknown identifier
C51 COMPILER V9.51   UCOS_II                                                               02/25/2015 10:39:24 PAGE 3   

*** WARNING C322 IN LINE 1120 OF .\Source\ucos_ii.h: unknown identifier
*** WARNING C322 IN LINE 1127 OF .\Source\ucos_ii.h: unknown identifier
*** WARNING C322 IN LINE 1131 OF .\Source\ucos_ii.h: unknown identifier
*** WARNING C322 IN LINE 1144 OF .\Source\ucos_ii.h: unknown identifier
*** WARNING C322 IN LINE 1193 OF .\Source\ucos_ii.h: unknown identifier
*** WARNING C322 IN LINE 1212 OF .\Source\ucos_ii.h: unknown identifier
*** WARNING C322 IN LINE 1216 OF .\Source\ucos_ii.h: unknown identifier
*** WARNING C322 IN LINE 1216 OF .\Source\ucos_ii.h: unknown identifier
*** WARNING C322 IN LINE 1216 OF .\Source\ucos_ii.h: unknown identifier
*** WARNING C322 IN LINE 1216 OF .\Source\ucos_ii.h: unknown identifier
*** WARNING C322 IN LINE 1216 OF .\Source\ucos_ii.h: unknown identifier
*** WARNING C322 IN LINE 1237 OF .\Source\ucos_ii.h: unknown identifier
*** WARNING C322 IN LINE 1237 OF .\Source\ucos_ii.h: unknown identifier
*** WARNING C322 IN LINE 1249 OF .\Source\ucos_ii.h: unknown identifier
*** WARNING C322 IN LINE 1249 OF .\Source\ucos_ii.h: unknown identifier
*** WARNING C322 IN LINE 1253 OF .\Source\ucos_ii.h: unknown identifier
*** WARNING C322 IN LINE 1259 OF .\Source\ucos_ii.h: unknown identifier
*** WARNING C322 IN LINE 1259 OF .\Source\ucos_ii.h: unknown identifier
*** WARNING C322 IN LINE 1259 OF .\Source\ucos_ii.h: unknown identifier
*** WARNING C322 IN LINE 1259 OF .\Source\ucos_ii.h: unknown identifier
*** WARNING C322 IN LINE 1267 OF .\Source\ucos_ii.h: unknown identifier
*** WARNING C322 IN LINE 1271 OF .\Source\ucos_ii.h: unknown identifier
*** WARNING C322 IN LINE 1271 OF .\Source\ucos_ii.h: unknown identifier
*** WARNING C322 IN LINE 1277 OF .\Source\ucos_ii.h: unknown identifier
*** WARNING C322 IN LINE 1277 OF .\Source\ucos_ii.h: unknown identifier
*** WARNING C322 IN LINE 1289 OF .\Source\ucos_ii.h: unknown identifier
*** WARNING C322 IN LINE 1301 OF .\Source\ucos_ii.h: unknown identifier
*** WARNING C322 IN LINE 1321 OF .\Source\ucos_ii.h: unknown identifier
*** WARNING C322 IN LINE 1327 OF .\Source\ucos_ii.h: unknown identifier
*** WARNING C322 IN LINE 1339 OF .\Source\ucos_ii.h: unknown identifier
*** ERROR C320 IN LINE 1393 OF .\Source\ucos_ii.h: "OS_CFG.H, Missing OS_FLAG_EN: Enable (1) or Disable (0) code generat
             -ion for Event Flags"
*** ERROR C320 IN LINE 1435 OF .\Source\ucos_ii.h: "OS_CFG.H, Missing OS_MBOX_EN: Enable (1) or Disable (0) code generat
             -ion for MAILBOXES"
*** ERROR C320 IN LINE 1469 OF .\Source\ucos_ii.h: "OS_CFG.H, Missing OS_MEM_EN: Enable (1) or Disable (0) code generati
             -on for MEMORY MANAGER"
*** ERROR C320 IN LINE 1495 OF .\Source\ucos_ii.h: "OS_CFG.H, Missing OS_MUTEX_EN: Enable (1) or Disable (0) code genera
             -tion for MUTEX"
*** ERROR C320 IN LINE 1517 OF .\Source\ucos_ii.h: "OS_CFG.H, Missing OS_Q_EN: Enable (1) or Disable (0) code generation
             - for QUEUES"
*** ERROR C320 IN LINE 1567 OF .\Source\ucos_ii.h: "OS_CFG.H, Missing OS_SEM_EN: Enable (1) or Disable (0) code generati
             -on for SEMAPHORES"
*** ERROR C320 IN LINE 1597 OF .\Source\ucos_ii.h: "OS_CFG.H, Missing OS_MAX_TASKS: Max. number of tasks in your applica
             -tion"
*** WARNING C322 IN LINE 1609 OF .\Source\ucos_ii.h: unknown identifier
*** ERROR C320 IN LINE 1614 OF .\Source\ucos_ii.h: "OS_CFG.H, Missing OS_TASK_IDLE_STK_SIZE: Idle task stack size"
*** ERROR C320 IN LINE 1618 OF .\Source\ucos_ii.h: "OS_CFG.H, Missing OS_TASK_STAT_EN: Enable (1) or Disable(0) the stat
             -istics task"
*** ERROR C320 IN LINE 1622 OF .\Source\ucos_ii.h: "OS_CFG.H, Missing OS_TASK_STAT_STK_SIZE: Statistics task stack size"
*** ERROR C320 IN LINE 1626 OF .\Source\ucos_ii.h: "OS_CFG.H, Missing OS_TASK_STAT_STK_CHK_EN: Check task stacks from st
             -atistics task"
*** ERROR C320 IN LINE 1630 OF .\Source\ucos_ii.h: "OS_CFG.H, Missing OS_TASK_CHANGE_PRIO_EN: Include code for OSTaskCha
             -ngePrio()"
*** ERROR C320 IN LINE 1634 OF .\Source\ucos_ii.h: "OS_CFG.H, Missing OS_TASK_CREATE_EN: Include code for OSTaskCreate()
             -"
*** ERROR C320 IN LINE 1638 OF .\Source\ucos_ii.h: "OS_CFG.H, Missing OS_TASK_CREATE_EXT_EN: Include code for OSTaskCrea
             -teExt()"
*** ERROR C320 IN LINE 1642 OF .\Source\ucos_ii.h: "OS_CFG.H, Missing OS_TASK_DEL_EN: Include code for OSTaskDel()"
*** ERROR C320 IN LINE 1646 OF .\Source\ucos_ii.h: "OS_CFG.H, Missing OS_TASK_NAME_EN: Enable task names"
*** ERROR C320 IN LINE 1650 OF .\Source\ucos_ii.h: "OS_CFG.H, Missing OS_TASK_SUSPEND_EN: Include code for OSTaskSuspend
             -() and OSTaskResume()"
*** ERROR C320 IN LINE 1654 OF .\Source\ucos_ii.h: "OS_CFG.H, Missing OS_TASK_QUERY_EN: Include code for OSTaskQuery()"
C51 COMPILER V9.51   UCOS_II                                                               02/25/2015 10:39:24 PAGE 4   

*** ERROR C320 IN LINE 1658 OF .\Source\ucos_ii.h: "OS_CFG.H, Missing OS_TASK_REG_TBL_SIZE: Include code for task specif
             -ic registers"
*** ERROR C320 IN LINE 1672 OF .\Source\ucos_ii.h: "OS_CFG.H, Missing OS_TICKS_PER_SEC: Sets the number of ticks in one 
             -second"
*** ERROR C320 IN LINE 1676 OF .\Source\ucos_ii.h: "OS_CFG.H, Missing OS_TIME_DLY_HMSM_EN: Include code for OSTimeDlyHMS
             -M()"
*** ERROR C320 IN LINE 1680 OF .\Source\ucos_ii.h: "OS_CFG.H, Missing OS_TIME_DLY_RESUME_EN: Include code for OSTimeDlyR
             -esume()"
*** ERROR C320 IN LINE 1684 OF .\Source\ucos_ii.h: "OS_CFG.H, Missing OS_TIME_GET_SET_EN: Include code for OSTimeGet() a
             -nd OSTimeSet()"
*** ERROR C320 IN LINE 1694 OF .\Source\ucos_ii.h: "OS_CFG.H, Missing OS_TMR_EN: When (1) enables code generation for Ti
             -mer Management"
*** ERROR C320 IN LINE 1746 OF .\Source\ucos_ii.h: "OS_CFG.H, Missing OS_ARG_CHK_EN: Enable (1) or Disable (0) argument 
             -checking"
*** ERROR C320 IN LINE 1751 OF .\Source\ucos_ii.h: "OS_CFG.H, Missing OS_CPU_HOOKS_EN: uC/OS-II hooks are found in the p
             -rocessor port files when 1"
*** ERROR C320 IN LINE 1756 OF .\Source\ucos_ii.h: "OS_CFG.H, Missing OS_APP_HOOKS_EN: Application-defined hooks are cal
             -led from the uC/OS-II hooks"
*** ERROR C320 IN LINE 1761 OF .\Source\ucos_ii.h: "OS_CFG.H, Missing OS_DEBUG_EN: Allows you to include variables for d
             -ebugging or not"
*** ERROR C320 IN LINE 1766 OF .\Source\ucos_ii.h: "OS_CFG.H, Missing OS_LOWEST_PRIO: Defines the lowest priority that c
             -an be assigned"
*** ERROR C320 IN LINE 1771 OF .\Source\ucos_ii.h: "OS_CFG.H, Missing OS_MAX_EVENTS: Max. number of event control blocks
             - in your application"
*** ERROR C320 IN LINE 1780 OF .\Source\ucos_ii.h: "OS_CFG.H, Missing OS_SCHED_LOCK_EN: Include code for OSSchedLock() a
             -nd OSSchedUnlock()"
*** ERROR C320 IN LINE 1785 OF .\Source\ucos_ii.h: "OS_CFG.H, Missing OS_EVENT_MULTI_EN: Include code for OSEventPendMul
             -ti()"
*** ERROR C320 IN LINE 1790 OF .\Source\ucos_ii.h: "OS_CFG.H, Missing OS_TASK_PROFILE_EN: Include data structure for run
             --time task profiling"
*** ERROR C320 IN LINE 1795 OF .\Source\ucos_ii.h: "OS_CFG.H, Missing OS_TASK_SW_HOOK_EN: Allows you to include the code
             - for OSTaskSwHook() or not"
*** ERROR C320 IN LINE 1800 OF .\Source\ucos_ii.h: "OS_CFG.H, Missing OS_TICK_STEP_EN: Allows to 'step' one tick at a ti
             -me with uC/OS-View"
*** ERROR C320 IN LINE 1805 OF .\Source\ucos_ii.h: "OS_CFG.H, Missing OS_TIME_TICK_HOOK_EN: Allows you to include the co
             -de for OSTimeTickHook() or not"
  25          
  26          
  27          #define  OS_MASTER_FILE                       /* Prevent the following files from including includes.h */
  28          #include <os_core.c>
*** WARNING C322 IN LINE 72 OF .\Source\os_core.c: unknown identifier
*** WARNING C322 IN LINE 107 OF .\Source\os_core.c: unknown identifier
*** WARNING C322 IN LINE 107 OF .\Source\os_core.c: unknown identifier
*** WARNING C322 IN LINE 107 OF .\Source\os_core.c: unknown identifier
*** WARNING C322 IN LINE 107 OF .\Source\os_core.c: unknown identifier
*** WARNING C322 IN LINE 107 OF .\Source\os_core.c: unknown identifier
*** WARNING C322 IN LINE 107 OF .\Source\os_core.c: unknown identifier
*** WARNING C322 IN LINE 186 OF .\Source\os_core.c: unknown identifier
*** WARNING C322 IN LINE 186 OF .\Source\os_core.c: unknown identifier
*** WARNING C322 IN LINE 186 OF .\Source\os_core.c: unknown identifier
*** WARNING C322 IN LINE 186 OF .\Source\os_core.c: unknown identifier
*** WARNING C322 IN LINE 186 OF .\Source\os_core.c: unknown identifier
*** WARNING C322 IN LINE 186 OF .\Source\os_core.c: unknown identifier
*** WARNING C322 IN LINE 307 OF .\Source\os_core.c: unknown identifier
*** WARNING C322 IN LINE 307 OF .\Source\os_core.c: unknown identifier
*** WARNING C322 IN LINE 307 OF .\Source\os_core.c: unknown identifier
*** WARNING C322 IN LINE 307 OF .\Source\os_core.c: unknown identifier
*** WARNING C322 IN LINE 307 OF .\Source\os_core.c: unknown identifier
*** WARNING C322 IN LINE 307 OF .\Source\os_core.c: unknown identifier
*** WARNING C322 IN LINE 582 OF .\Source\os_core.c: unknown identifier
*** WARNING C322 IN LINE 582 OF .\Source\os_core.c: unknown identifier
*** WARNING C322 IN LINE 586 OF .\Source\os_core.c: unknown identifier
C51 COMPILER V9.51   UCOS_II                                                               02/25/2015 10:39:24 PAGE 5   

*** WARNING C322 IN LINE 586 OF .\Source\os_core.c: unknown identifier
*** WARNING C322 IN LINE 590 OF .\Source\os_core.c: unknown identifier
*** WARNING C322 IN LINE 590 OF .\Source\os_core.c: unknown identifier
*** WARNING C322 IN LINE 595 OF .\Source\os_core.c: unknown identifier
*** WARNING C322 IN LINE 599 OF .\Source\os_core.c: unknown identifier
*** WARNING C322 IN LINE 605 OF .\Source\os_core.c: unknown identifier
*** WARNING C322 IN LINE 665 OF .\Source\os_core.c: unknown identifier
*** WARNING C322 IN LINE 681 OF .\Source\os_core.c: unknown identifier
*** WARNING C322 IN LINE 735 OF .\Source\os_core.c: unknown identifier
*** WARNING C322 IN LINE 772 OF .\Source\os_core.c: unknown identifier
*** WARNING C322 IN LINE 854 OF .\Source\os_core.c: unknown identifier
*** WARNING C322 IN LINE 892 OF .\Source\os_core.c: unknown identifier
*** WARNING C322 IN LINE 895 OF .\Source\os_core.c: unknown identifier
*** WARNING C322 IN LINE 901 OF .\Source\os_core.c: unknown identifier
*** WARNING C322 IN LINE 904 OF .\Source\os_core.c: unknown identifier
*** WARNING C322 IN LINE 910 OF .\Source\os_core.c: unknown identifier
*** WARNING C322 IN LINE 993 OF .\Source\os_core.c: unknown identifier
*** WARNING C322 IN LINE 1027 OF .\Source\os_core.c: unknown identifier
*** WARNING C322 IN LINE 1027 OF .\Source\os_core.c: unknown identifier
*** WARNING C322 IN LINE 1027 OF .\Source\os_core.c: unknown identifier
*** WARNING C322 IN LINE 1027 OF .\Source\os_core.c: unknown identifier
*** WARNING C322 IN LINE 1027 OF .\Source\os_core.c: unknown identifier
*** WARNING C322 IN LINE 1102 OF .\Source\os_core.c: unknown identifier
*** WARNING C322 IN LINE 1102 OF .\Source\os_core.c: unknown identifier
*** WARNING C322 IN LINE 1102 OF .\Source\os_core.c: unknown identifier
*** WARNING C322 IN LINE 1102 OF .\Source\os_core.c: unknown identifier
*** WARNING C322 IN LINE 1102 OF .\Source\os_core.c: unknown identifier
*** WARNING C322 IN LINE 1136 OF .\Source\os_core.c: unknown identifier
*** WARNING C322 IN LINE 1136 OF .\Source\os_core.c: unknown identifier
*** WARNING C322 IN LINE 1136 OF .\Source\os_core.c: unknown identifier
*** WARNING C322 IN LINE 1136 OF .\Source\os_core.c: unknown identifier
*** WARNING C322 IN LINE 1136 OF .\Source\os_core.c: unknown identifier
*** WARNING C322 IN LINE 1136 OF .\Source\os_core.c: unknown identifier
*** WARNING C322 IN LINE 1179 OF .\Source\os_core.c: unknown identifier
*** WARNING C322 IN LINE 1179 OF .\Source\os_core.c: unknown identifier
*** WARNING C322 IN LINE 1179 OF .\Source\os_core.c: unknown identifier
*** WARNING C322 IN LINE 1179 OF .\Source\os_core.c: unknown identifier
*** WARNING C322 IN LINE 1179 OF .\Source\os_core.c: unknown identifier
*** WARNING C322 IN LINE 1209 OF .\Source\os_core.c: unknown identifier
*** WARNING C322 IN LINE 1209 OF .\Source\os_core.c: unknown identifier
*** WARNING C322 IN LINE 1209 OF .\Source\os_core.c: unknown identifier
*** WARNING C322 IN LINE 1209 OF .\Source\os_core.c: unknown identifier
*** WARNING C322 IN LINE 1209 OF .\Source\os_core.c: unknown identifier
*** WARNING C322 IN LINE 1209 OF .\Source\os_core.c: unknown identifier
*** WARNING C322 IN LINE 1249 OF .\Source\os_core.c: unknown identifier
*** WARNING C322 IN LINE 1249 OF .\Source\os_core.c: unknown identifier
*** WARNING C322 IN LINE 1249 OF .\Source\os_core.c: unknown identifier
*** WARNING C322 IN LINE 1249 OF .\Source\os_core.c: unknown identifier
*** WARNING C322 IN LINE 1249 OF .\Source\os_core.c: unknown identifier
*** WARNING C322 IN LINE 1277 OF .\Source\os_core.c: unknown identifier
*** WARNING C322 IN LINE 1277 OF .\Source\os_core.c: unknown identifier
*** WARNING C322 IN LINE 1277 OF .\Source\os_core.c: unknown identifier
*** WARNING C322 IN LINE 1277 OF .\Source\os_core.c: unknown identifier
*** WARNING C322 IN LINE 1277 OF .\Source\os_core.c: unknown identifier
*** WARNING C322 IN LINE 1277 OF .\Source\os_core.c: unknown identifier
*** WARNING C322 IN LINE 1329 OF .\Source\os_core.c: unknown identifier
*** WARNING C322 IN LINE 1343 OF .\Source\os_core.c: unknown identifier
*** WARNING C322 IN LINE 1400 OF .\Source\os_core.c: unknown identifier
*** WARNING C322 IN LINE 1405 OF .\Source\os_core.c: unknown identifier
*** WARNING C322 IN LINE 1428 OF .\Source\os_core.c: unknown identifier
*** WARNING C322 IN LINE 1441 OF .\Source\os_core.c: unknown identifier
*** WARNING C322 IN LINE 1459 OF .\Source\os_core.c: unknown identifier
C51 COMPILER V9.51   UCOS_II                                                               02/25/2015 10:39:24 PAGE 6   

*** WARNING C322 IN LINE 1537 OF .\Source\os_core.c: unknown identifier
*** WARNING C322 IN LINE 1543 OF .\Source\os_core.c: unknown identifier
*** WARNING C322 IN LINE 1632 OF .\Source\os_core.c: unknown identifier
*** WARNING C322 IN LINE 1644 OF .\Source\os_core.c: unknown identifier
*** WARNING C322 IN LINE 1674 OF .\Source\os_core.c: unknown identifier
*** WARNING C322 IN LINE 1716 OF .\Source\os_core.c: unknown identifier
*** WARNING C322 IN LINE 1716 OF .\Source\os_core.c: unknown identifier
*** WARNING C322 IN LINE 1716 OF .\Source\os_core.c: unknown identifier
*** WARNING C322 IN LINE 1716 OF .\Source\os_core.c: unknown identifier
*** WARNING C322 IN LINE 1716 OF .\Source\os_core.c: unknown identifier
*** WARNING C322 IN LINE 1754 OF .\Source\os_core.c: unknown identifier
*** WARNING C322 IN LINE 1793 OF .\Source\os_core.c: unknown identifier
*** WARNING C322 IN LINE 1844 OF .\Source\os_core.c: unknown identifier
*** WARNING C322 IN LINE 1844 OF .\Source\os_core.c: unknown identifier
*** WARNING C322 IN LINE 1926 OF .\Source\os_core.c: unknown identifier
*** WARNING C322 IN LINE 1929 OF .\Source\os_core.c: unknown identifier
*** WARNING C322 IN LINE 1945 OF .\Source\os_core.c: unknown identifier
*** WARNING C322 IN LINE 1959 OF .\Source\os_core.c: unknown identifier
*** WARNING C322 IN LINE 1963 OF .\Source\os_core.c: unknown identifier
*** WARNING C322 IN LINE 1974 OF .\Source\os_core.c: unknown identifier
*** WARNING C322 IN LINE 1974 OF .\Source\os_core.c: unknown identifier
*** WARNING C322 IN LINE 1974 OF .\Source\os_core.c: unknown identifier
*** WARNING C322 IN LINE 1974 OF .\Source\os_core.c: unknown identifier
*** WARNING C322 IN LINE 1974 OF .\Source\os_core.c: unknown identifier
*** WARNING C322 IN LINE 1981 OF .\Source\os_core.c: unknown identifier
*** WARNING C322 IN LINE 1981 OF .\Source\os_core.c: unknown identifier
*** WARNING C322 IN LINE 1981 OF .\Source\os_core.c: unknown identifier
*** WARNING C322 IN LINE 1985 OF .\Source\os_core.c: unknown identifier
*** WARNING C322 IN LINE 1985 OF .\Source\os_core.c: unknown identifier
*** WARNING C322 IN LINE 1985 OF .\Source\os_core.c: unknown identifier
*** WARNING C322 IN LINE 1989 OF .\Source\os_core.c: unknown identifier
*** WARNING C322 IN LINE 1997 OF .\Source\os_core.c: unknown identifier
*** WARNING C322 IN LINE 2001 OF .\Source\os_core.c: unknown identifier
  29          #include <os_flag.c>
*** WARNING C322 IN LINE 28 OF .\Source\os_flag.c: unknown identifier
*** WARNING C322 IN LINE 28 OF .\Source\os_flag.c: unknown identifier
  30          #include <os_mbox.c>
*** WARNING C322 IN LINE 28 OF .\Source\os_mbox.c: unknown identifier
  31          #include <os_mem.c>
*** WARNING C322 IN LINE 28 OF .\Source\os_mem.c: unknown identifier
*** WARNING C322 IN LINE 28 OF .\Source\os_mem.c: unknown identifier
  32          #include <os_mutex.c>
*** WARNING C322 IN LINE 29 OF .\Source\os_mutex.c: unknown identifier
  33          #include <os_q.c>
*** WARNING C322 IN LINE 28 OF .\Source\os_q.c: unknown identifier
*** WARNING C322 IN LINE 28 OF .\Source\os_q.c: unknown identifier
  34          #include <os_sem.c>
*** WARNING C322 IN LINE 28 OF .\Source\os_sem.c: unknown identifier
  35          #include <os_task.c>
*** WARNING C322 IN LINE 50 OF .\Source\os_task.c: unknown identifier
*** WARNING C322 IN LINE 206 OF .\Source\os_task.c: unknown identifier
*** WARNING C322 IN LINE 328 OF .\Source\os_task.c: unknown identifier
*** WARNING C322 IN LINE 426 OF .\Source\os_task.c: unknown identifier
*** WARNING C322 IN LINE 572 OF .\Source\os_task.c: unknown identifier
*** WARNING C322 IN LINE 639 OF .\Source\os_task.c: unknown identifier
*** WARNING C322 IN LINE 720 OF .\Source\os_task.c: unknown identifier
*** WARNING C322 IN LINE 794 OF .\Source\os_task.c: unknown identifier
*** WARNING C322 IN LINE 861 OF .\Source\os_task.c: unknown identifier
*** WARNING C322 IN LINE 861 OF .\Source\os_task.c: unknown identifier
*** WARNING C322 IN LINE 946 OF .\Source\os_task.c: unknown identifier
*** WARNING C322 IN LINE 1019 OF .\Source\os_task.c: unknown identifier
*** WARNING C322 IN LINE 1086 OF .\Source\os_task.c: unknown identifier
C51 COMPILER V9.51   UCOS_II                                                               02/25/2015 10:39:24 PAGE 7   

*** WARNING C322 IN LINE 1152 OF .\Source\os_task.c: unknown identifier
*** WARNING C322 IN LINE 1208 OF .\Source\os_task.c: unknown identifier
*** WARNING C322 IN LINE 1240 OF .\Source\os_task.c: unknown identifier
*** WARNING C322 IN LINE 1240 OF .\Source\os_task.c: unknown identifier
  36          #include <os_time.c>
*** WARNING C322 IN LINE 47 OF .\Source\os_time.c: unknown identifier
*** WARNING C322 IN LINE 98 OF .\Source\os_time.c: unknown identifier
*** WARNING C322 IN LINE 161 OF .\Source\os_time.c: unknown identifier
*** WARNING C322 IN LINE 221 OF .\Source\os_time.c: unknown identifier
*** WARNING C322 IN LINE 250 OF .\Source\os_time.c: unknown identifier
  37          #include <os_tmr.c>
*** WARNING C322 IN LINE 55 OF .\Source\os_tmr.c: unknown identifier
*** WARNING C322 IN LINE 107 OF .\Source\os_tmr.c: unknown identifier
*** WARNING C322 IN LINE 200 OF .\Source\os_tmr.c: unknown identifier
*** WARNING C322 IN LINE 277 OF .\Source\os_tmr.c: unknown identifier
*** WARNING C322 IN LINE 277 OF .\Source\os_tmr.c: unknown identifier
*** WARNING C322 IN LINE 356 OF .\Source\os_tmr.c: unknown identifier
*** WARNING C322 IN LINE 456 OF .\Source\os_tmr.c: unknown identifier
*** WARNING C322 IN LINE 524 OF .\Source\os_tmr.c: unknown identifier
*** WARNING C322 IN LINE 614 OF .\Source\os_tmr.c: unknown identifier
*** WARNING C322 IN LINE 716 OF .\Source\os_tmr.c: unknown identifier
*** WARNING C322 IN LINE 740 OF .\Source\os_tmr.c: unknown identifier
*** WARNING C322 IN LINE 772 OF .\Source\os_tmr.c: unknown identifier
*** WARNING C322 IN LINE 808 OF .\Source\os_tmr.c: unknown identifier
*** WARNING C322 IN LINE 869 OF .\Source\os_tmr.c: unknown identifier
*** WARNING C322 IN LINE 937 OF .\Source\os_tmr.c: unknown identifier
*** WARNING C322 IN LINE 987 OF .\Source\os_tmr.c: unknown identifier
*** WARNING C322 IN LINE 1033 OF .\Source\os_tmr.c: unknown identifier
  38                                                                                                                                                       
             -                                                                                

C51 COMPILATION COMPLETE.  279 WARNING(S),  44 ERROR(S)
