C51 COMPILER V9.51   UCOS_II                                                               02/25/2015 18:14:36 PAGE 1   


C51 COMPILER V9.51, COMPILATION OF MODULE UCOS_II
OBJECT MODULE PLACED IN .\Output\ucos_ii.obj
COMPILER INVOKED BY: D:\Keil_v5\C51\BIN\C51.EXE Source\ucos_ii.c BROWSE INCDIR(.\Source) DEBUG OBJECTEXTEND PRINT(.\List
                    -\ucos_ii.lst) TABS(2) OBJECT(.\Output\ucos_ii.obj)

line level    source

   1          /*
   2          *********************************************************************************************************
   3          *                                                uC/OS-II
   4          *                                          The Real-Time Kernel
   5          *
   6          *                              (c) Copyright 1992-2009, Micrium, Weston, FL
   7          *                                           All Rights Reserved
   8          *
   9          * File    : uCOS_II.C
  10          * By      : Jean J. Labrosse
  11          * Version : V2.91
  12          *
  13          * LICENSING TERMS:
  14          * ---------------
  15          *   uC/OS-II is provided in source form for FREE evaluation, for educational use or for peaceful research.
             -  
  16          * If you plan on using  uC/OS-II  in a commercial product you need to contact Micriµm to properly license 
  17          * its use in your product. We provide ALL the source code for your convenience and to help you experience 
  18          * uC/OS-II.   The fact that the  source is provided does  NOT  mean that you can use it without  paying a 
  19          * licensing fee.
  20          *********************************************************************************************************
  21          */
  22          
  23          #define  OS_GLOBALS                           /* Declare GLOBAL variables                              */
  24          #include <ucos_ii.h>
*** WARNING C318 IN LINE 44 OF .\Source\ucos_ii.h: can't open file 'app_cfg.h'
  25          
  26          
  27          #define  OS_MASTER_FILE                       /* Prevent the following files from including includes.h */
  28          #include <os_core.c>
*** WARNING C322 IN LINE 113 OF .\Source\os_core.c: unknown identifier
*** WARNING C322 IN LINE 191 OF .\Source\os_core.c: unknown identifier
*** WARNING C322 IN LINE 322 OF .\Source\os_core.c: unknown identifier
*** WARNING C322 IN LINE 665 OF .\Source\os_core.c: unknown identifier
*** WARNING C206 IN LINE 685 OF .\Source\os_core.c: 'OSIntCtxSw': missing function-prototype
*** WARNING C322 IN LINE 738 OF .\Source\os_core.c: unknown identifier
*** WARNING C322 IN LINE 775 OF .\Source\os_core.c: unknown identifier
*** WARNING C206 IN LINE 830 OF .\Source\os_core.c: 'OSStartHighRdy': missing function-prototype
*** WARNING C322 IN LINE 857 OF .\Source\os_core.c: unknown identifier
*** WARNING C322 IN LINE 895 OF .\Source\os_core.c: unknown identifier
*** WARNING C322 IN LINE 1406 OF .\Source\os_core.c: unknown identifier
*** WARNING C322 IN LINE 1468 OF .\Source\os_core.c: unknown identifier
*** WARNING C322 IN LINE 1632 OF .\Source\os_core.c: unknown identifier
*** WARNING C206 IN LINE 1648 OF .\Source\os_core.c: 'OSCtxSw': missing function-prototype
*** WARNING C322 IN LINE 1754 OF .\Source\os_core.c: unknown identifier
*** WARNING C322 IN LINE 1796 OF .\Source\os_core.c: unknown identifier
*** WARNING C322 IN LINE 1860 OF .\Source\os_core.c: unknown identifier
*** WARNING C322 IN LINE 1926 OF .\Source\os_core.c: unknown identifier
  29          #include <os_flag.c>
*** WARNING C322 IN LINE 100 OF .\Source\os_flag.c: unknown identifier
*** WARNING C322 IN LINE 218 OF .\Source\os_flag.c: unknown identifier
*** WARNING C322 IN LINE 305 OF .\Source\os_flag.c: unknown identifier
*** WARNING C322 IN LINE 417 OF .\Source\os_flag.c: unknown identifier
*** WARNING C322 IN LINE 486 OF .\Source\os_flag.c: unknown identifier
C51 COMPILER V9.51   UCOS_II                                                               02/25/2015 18:14:36 PAGE 2   

*** WARNING C322 IN LINE 591 OF .\Source\os_flag.c: unknown identifier
*** WARNING C322 IN LINE 768 OF .\Source\os_flag.c: unknown identifier
*** WARNING C322 IN LINE 832 OF .\Source\os_flag.c: unknown identifier
*** WARNING C322 IN LINE 957 OF .\Source\os_flag.c: unknown identifier
  30          #include <os_mbox.c>
*** WARNING C322 IN LINE 50 OF .\Source\os_mbox.c: unknown identifier
*** WARNING C322 IN LINE 91 OF .\Source\os_mbox.c: unknown identifier
*** WARNING C322 IN LINE 167 OF .\Source\os_mbox.c: unknown identifier
*** WARNING C322 IN LINE 287 OF .\Source\os_mbox.c: unknown identifier
*** WARNING C322 IN LINE 399 OF .\Source\os_mbox.c: unknown identifier
*** WARNING C322 IN LINE 476 OF .\Source\os_mbox.c: unknown identifier
*** WARNING C322 IN LINE 549 OF .\Source\os_mbox.c: unknown identifier
*** WARNING C322 IN LINE 617 OF .\Source\os_mbox.c: unknown identifier
  31          #include <os_mem.c>
*** WARNING C322 IN LINE 69 OF .\Source\os_mem.c: unknown identifier
*** WARNING C322 IN LINE 157 OF .\Source\os_mem.c: unknown identifier
*** WARNING C322 IN LINE 216 OF .\Source\os_mem.c: unknown identifier
*** WARNING C322 IN LINE 279 OF .\Source\os_mem.c: unknown identifier
*** WARNING C322 IN LINE 334 OF .\Source\os_mem.c: unknown identifier
*** WARNING C322 IN LINE 382 OF .\Source\os_mem.c: unknown identifier
  32          #include <os_mutex.c>
*** WARNING C322 IN LINE 88 OF .\Source\os_mutex.c: unknown identifier
*** WARNING C322 IN LINE 174 OF .\Source\os_mutex.c: unknown identifier
*** WARNING C322 IN LINE 280 OF .\Source\os_mutex.c: unknown identifier
*** WARNING C322 IN LINE 424 OF .\Source\os_mutex.c: unknown identifier
*** WARNING C322 IN LINE 576 OF .\Source\os_mutex.c: unknown identifier
*** WARNING C322 IN LINE 651 OF .\Source\os_mutex.c: unknown identifier
  33          #include <os_q.c>
*** WARNING C322 IN LINE 66 OF .\Source\os_q.c: unknown identifier
*** WARNING C322 IN LINE 130 OF .\Source\os_q.c: unknown identifier
*** WARNING C322 IN LINE 229 OF .\Source\os_q.c: unknown identifier
*** WARNING C322 IN LINE 340 OF .\Source\os_q.c: unknown identifier
*** WARNING C322 IN LINE 407 OF .\Source\os_q.c: unknown identifier
*** WARNING C322 IN LINE 523 OF .\Source\os_q.c: unknown identifier
*** WARNING C322 IN LINE 598 OF .\Source\os_q.c: unknown identifier
*** WARNING C322 IN LINE 661 OF .\Source\os_q.c: unknown identifier
*** WARNING C322 IN LINE 734 OF .\Source\os_q.c: unknown identifier
*** WARNING C322 IN LINE 812 OF .\Source\os_q.c: unknown identifier
  34          #include <os_sem.c>
*** WARNING C322 IN LINE 52 OF .\Source\os_sem.c: unknown identifier
*** WARNING C322 IN LINE 97 OF .\Source\os_sem.c: unknown identifier
*** WARNING C322 IN LINE 175 OF .\Source\os_sem.c: unknown identifier
*** WARNING C322 IN LINE 293 OF .\Source\os_sem.c: unknown identifier
*** WARNING C322 IN LINE 402 OF .\Source\os_sem.c: unknown identifier
*** WARNING C322 IN LINE 473 OF .\Source\os_sem.c: unknown identifier
*** WARNING C322 IN LINE 531 OF .\Source\os_sem.c: unknown identifier
*** WARNING C322 IN LINE 591 OF .\Source\os_sem.c: unknown identifier
  35          #include <os_task.c>
*** WARNING C322 IN LINE 68 OF .\Source\os_task.c: unknown identifier
*** WARNING C322 IN LINE 214 OF .\Source\os_task.c: unknown identifier
*** WARNING C322 IN LINE 341 OF .\Source\os_task.c: unknown identifier
*** WARNING C322 IN LINE 433 OF .\Source\os_task.c: unknown identifier
*** WARNING C322 IN LINE 577 OF .\Source\os_task.c: unknown identifier
*** WARNING C322 IN LINE 646 OF .\Source\os_task.c: unknown identifier
*** WARNING C322 IN LINE 726 OF .\Source\os_task.c: unknown identifier
*** WARNING C322 IN LINE 798 OF .\Source\os_task.c: unknown identifier
*** WARNING C322 IN LINE 869 OF .\Source\os_task.c: unknown identifier
*** WARNING C322 IN LINE 908 OF .\Source\os_task.c: unknown identifier
*** WARNING C322 IN LINE 952 OF .\Source\os_task.c: unknown identifier
*** WARNING C322 IN LINE 1024 OF .\Source\os_task.c: unknown identifier
*** WARNING C322 IN LINE 1091 OF .\Source\os_task.c: unknown identifier
*** WARNING C322 IN LINE 1158 OF .\Source\os_task.c: unknown identifier
C51 COMPILER V9.51   UCOS_II                                                               02/25/2015 18:14:36 PAGE 3   

*** WARNING C322 IN LINE 1247 OF .\Source\os_task.c: unknown identifier
  36          #include <os_time.c>
*** WARNING C322 IN LINE 47 OF .\Source\os_time.c: unknown identifier
*** WARNING C322 IN LINE 165 OF .\Source\os_time.c: unknown identifier
*** WARNING C322 IN LINE 225 OF .\Source\os_time.c: unknown identifier
*** WARNING C322 IN LINE 253 OF .\Source\os_time.c: unknown identifier
  37          #include <os_tmr.c>
*** ERROR C212 IN LINE 652 OF .\Source\os_tmr.c: indirect call: parameters do not fit within registers
*** ERROR C212 IN LINE 661 OF .\Source\os_tmr.c: indirect call: parameters do not fit within registers
*** WARNING C322 IN LINE 878 OF .\Source\os_tmr.c: unknown identifier
*** ERROR C202 IN LINE 892 OF .\Source\os_tmr.c: 'OS_TASK_TMR_PRIO': undefined identifier
*** ERROR C202 IN LINE 914 OF .\Source\os_tmr.c: 'OS_TASK_TMR_PRIO': undefined identifier
*** ERROR C212 IN LINE 1064 OF .\Source\os_tmr.c: indirect call: parameters do not fit within registers
  38                                                                                                                                                       
             -                                                                                

C51 COMPILATION COMPLETE.  86 WARNING(S),  5 ERROR(S)
